C51 COMPILER V9.00   DELAY                                                                 07/28/2019 21:31:17 PAGE 1   


C51 COMPILER V9.00, COMPILATION OF MODULE DELAY
OBJECT MODULE PLACED IN delay.OBJ
COMPILER INVOKED BY: E:\keil4c51\C51\BIN\C51.EXE delay.c BROWSE DEBUG OBJECTEXTEND

line level    source

   1          //-----------------------------------------------------------------------------
   2          // 程序描述:
   3          //     调试不同时基的软件延时程序:1us,1ms
   4          // 作    者: 凌智电子
   5          // 开始日期: 
   6          // 完成日期: 
   7          // 修改日期:
   8          // 版    本: 
   9          // 调试工具: 51单片机
  10          // 说    明: 
  11          //     (1)调试使用的系统时钟频率Fsysclk=11.0592MHz;
  12          //     
  13          //-----------------------------------------------------------------------------
  14          
  15          
  16          //-----------------------------------------------------------------------------
  17          // 头文件包含
  18          //-----------------------------------------------------------------------------
  19          #include "delay.h"
  20          #include <reg52.h>
  21          
  22          
  23          //-----------------------------------------------------------------------------
  24          // void delay_1ms(uint z)
  25          //-----------------------------------------------------------------------------
  26          //
  27          // 函数功能: 时基为1ms的延时
  28          // 例子提示: 调用Delay_ms(20),得到20ms延时
  29          // 入口参数: 无符号8bit整数
  30          // 返回参数: 无
  31          // 全局变量: 无
  32          // 注意事项: 基于使用11.0592MHz晶振的51单片机
  33          //-----------------------------------------------------------------------------
  34          //void delay_1ms(uint timer)   //毫秒延时程序 
  35          //{  
  36          //      uchar i;  
  37          //      while(timer--)  
  38          //      {
  39          //              for(i=200;i>0;i--);   
  40          //              for(i=120;i>0;i--);
  41          //      }  
  42          //}   
  43          
  44          
  45          //-----------------------------------------------------------------------------
  46          // void delay_us(uint z)
  47          //-----------------------------------------------------------------------------
  48          //
  49          // 函数功能: 时基为1us的延时
  50          // 例子提示: 调用Delay_us(20),得到20us延时
  51          // 入口参数: 无符号8bit整数
  52          // 返回参数: 无
  53          // 全局变量: 无
  54          // 注意事项: 基于使用11.0592MHz晶振的51单片机
  55          //-----------------------------------------------------------------------------
C51 COMPILER V9.00   DELAY                                                                 07/28/2019 21:31:17 PAGE 2   

  56          void delay_us(uchar timer)   //微妙延时程序 
  57          {  
  58   1              while(timer--); 
  59   1      }
  60          
  61          //-----------------------------------------------------------------------------
  62          // End Of File
  63          //-----------------------------------------------------------------------------


MODULE INFORMATION:   STATIC OVERLAYABLE
   CODE SIZE        =      7    ----
   CONSTANT SIZE    =   ----    ----
   XDATA SIZE       =   ----    ----
   PDATA SIZE       =   ----    ----
   DATA SIZE        =   ----    ----
   IDATA SIZE       =   ----    ----
   BIT SIZE         =   ----    ----
END OF MODULE INFORMATION.


C51 COMPILATION COMPLETE.  0 WARNING(S),  0 ERROR(S)
