C51 COMPILER V9.00   LCD1602                                                               07/28/2019 21:31:16 PAGE 1   


C51 COMPILER V9.00, COMPILATION OF MODULE LCD1602
OBJECT MODULE PLACED IN lcd1602.OBJ
COMPILER INVOKED BY: E:\keil4c51\C51\BIN\C51.EXE lcd1602.c BROWSE DEBUG OBJECTEXTEND

line level    source

   1          //-----------------------------------------------------------------------------
   2          // 头文件包含
   3          //-----------------------------------------------------------------------------
   4          #include <LCD1602.h>
   5          
   6          
   7          //-----------------------------------------------------------------
   8          // 初始化程序区
   9          //-----------------------------------------------------------------
  10          
  11          //-----------------------------------------------------------------
  12          // void LCD_Init (void)
  13          //-----------------------------------------------------------------
  14          //
  15          // 函数功能: LCM初始化
  16          // 入口参数: 无
  17          // 返回参数: 无
  18          // 全局变量: 无   
  19          // 注意事项: 
  20          //     (1)具体流程查看HD44780(KS0066)的中文数据手册;
  21          //-----------------------------------------------------------------
  22          void LCD_Init()
  23          {
  24   1              lcden=0;
  25   1              LCDWrite_com(0x38);
  26   1              LCDWrite_com(0x0c);
  27   1              LCDWrite_com(0x06);
  28   1              LCDWrite_com(0x01);
  29   1              LCDWrite_com(0x80);       //设置1602指针为第一行第一个
  30   1      }
  31          
  32          
  33          //-----------------------------------------------------------------
  34          // 功能程序区
  35          //-----------------------------------------------------------------
  36          
  37          //-----------------------------------------------------------------------------
  38          // void Delay_ms(uint z)
  39          //-----------------------------------------------------------------------------
  40          //
  41          // 函数功能: 时基为1ms的延时
  42          // 例子提示: 调用Delay_ms(20),得到20ms延时
  43          // 入口参数: 无符号8bit整数
  44          // 返回参数: 无
  45          // 全局变量: 无
  46          // 注意事项: 基于使用11.0592MHz晶振的51单片机
  47          //-----------------------------------------------------------------------------
  48          void Delay_ms(uint z)
  49          {
  50   1              uint x,y;
  51   1              for(x=z;x>0;x--)
  52   1                      for(y=110;y>0;y--);
  53   1      }
  54          
  55          
C51 COMPILER V9.00   LCD1602                                                               07/28/2019 21:31:16 PAGE 2   

  56          //-----------------------------------------------------------------
  57          // void LCDWrite_com(uchar com)
  58          //-----------------------------------------------------------------
  59          //
  60          // 函数功能: 写LCD的指令代码
  61          // 入口参数: LCD指令
  62          // 返回参数: 无
  63          // 全局变量: 无   
  64          // 注意事项:
  65          //-----------------------------------------------------------------             
  66          void LCDWrite_com(uchar com)
  67          {
  68   1              lcdrs=0;
  69   1              lcdrw=0;
  70   1              lcddat=com;
  71   1              Delay_ms(5);
  72   1              lcden=1;
  73   1              Delay_ms(5);
  74   1              lcden=0;
  75   1      }
  76          
  77          
  78          
  79          //-----------------------------------------------------------------
  80          // void LCDWrite_data(uchar date)
  81          //-----------------------------------------------------------------
  82          //
  83          // 函数功能: 写LCD要显示的数据
  84          // 入口参数: 待写的数据
  85          // 返回参数: 无
  86          // 全局变量: 无     
  87          // 注意事项:
  88          //-----------------------------------------------------------------
  89          void LCDWrite_data(uchar date)
  90          {       
  91   1              lcdrs=1;
  92   1              lcdrw=0;
  93   1              lcddat=date;
  94   1              Delay_ms(5);
  95   1              lcden=1;
  96   1              Delay_ms(5);
  97   1              lcden=0;
  98   1      }
  99          void LCDWrite_word(unsigned char *s)
 100          {
 101   1              while(*s>0)
 102   1              {
 103   2                      LCDWrite_data(*s);
 104   2                      s++;
 105   2              }
 106   1      }
 107          void LCD_Play(uchar add,uint dat)
 108          {
 109   1              uchar i;
 110   1              uchar wei[6];
 111   1              wei[0] = (dat/10000%10)+48;     
 112   1              wei[1] = (dat/1000%10)+48;                      //千
 113   1              wei[2] = (dat/100%10)+48;                       //百
 114   1              wei[3] = (dat/10%10)+48;                                //十
 115   1              wei[4] ='.'     ;
 116   1              wei[5] = (dat%10)+48;                                   //个
 117   1              LCDWrite_com(0x80+add);
C51 COMPILER V9.00   LCD1602                                                               07/28/2019 21:31:16 PAGE 3   

 118   1              for(i=0; i<6; i++)
 119   1              {
 120   2                      LCDWrite_data(wei[i]);
 121   2              }
 122   1      
 123   1      }
 124          //-----------------------------------------------------------------------------
 125          // End Of File
 126          //-----------------------------------------------------------------------------


MODULE INFORMATION:   STATIC OVERLAYABLE
   CODE SIZE        =    253    ----
   CONSTANT SIZE    =   ----    ----
   XDATA SIZE       =   ----    ----
   PDATA SIZE       =   ----    ----
   DATA SIZE        =   ----       7
   IDATA SIZE       =   ----    ----
   BIT SIZE         =   ----    ----
END OF MODULE INFORMATION.


C51 COMPILATION COMPLETE.  0 WARNING(S),  0 ERROR(S)
