C51 COMPILER V9.00   MAIN                                                                  07/28/2019 21:41:35 PAGE 1   


C51 COMPILER V9.00, COMPILATION OF MODULE MAIN
OBJECT MODULE PLACED IN main.OBJ
COMPILER INVOKED BY: E:\keil4c51\C51\BIN\C51.EXE main.c BROWSE DEBUG OBJECTEXTEND

line level    source

   1          //-----------------------------------------------------------------
   2          // 程序描述：
   3          //     adf4351 PLL锁相环 输出频率控制主程序
   4          // 作    者: 凌智电子
   5          // 开始日期: 2019-07-1
   6          // 完成日期: 2019-07-1
   7          // 修改日期:
   8          // 版    本: V1.0 
   9          // 调试工具: 51单片机电子系统开发板;            adf4351 PLL锁相环模块；
  10          //                                       1602字符型液晶显示模块(LCM)；键盘模块
  11          // 说    明: (1) 采用LCD1602显示输出频率
  12          //                       (2)'K1'键    ：进入变频率的操作
  13          //                       (3)'K2'键    ：频率加一
  14          //                       (4)'K3'键    ：频率减一
  15          //                                 (5)'K4'键    ：退出改变频率
  16          //           (6)调试使用的系统时钟频率Fsysclk=11.0592MHz.
  17          //           (7)硬件连接：
  18          //                                                      CLK  ->  P1.7
  19          //                                                      DATA ->  P1.6   
  20          //                                                      LE   ->  P1.5   
  21          //                                                      CE   ->  P1.4
  22          //                               (8)设置频率超过模块实际最大输出频率时，设置无效，任然输出模块最大频率  
  23          //-----------------------------------------------------------------
  24          
  25          
  26          
  27          //-----------------------------------------------------------------
  28          // 头文件包含
  29          //-----------------------------------------------------------------
  30          #include <reg52.h>
  31          #include <intrins.h>
  32          #include "LCD1602.h"
  33          #include "adf4351.h"
  34          #include "delay.h"
  35          //-----------------------------------------------------------------------------
  36          // 宏定义
  37          //-----------------------------------------------------------------------------
  38          #define uchar unsigned char
  39          #define uint unsigned int
  40          #define ulint unsigned long int
  41          //-----------------------------------------------------------------------------
  42          // 函数声明
  43          //-----------------------------------------------------------------------------
  44          void KEY();
  45          //-----------------------------------------------------------------------------
  46          // 变量声明
  47          //-----------------------------------------------------------------------------
  48          ulint F;       // 频率值
  49          uint fs;       // 频率值缓存
  50          uchar j=8;
  51          bit k;         // 按键标志位
  52          sbit k1=P3^2;  // 进入变频率的操作              
  53          sbit k2=P3^3;  // 频率加一
  54          sbit k3=P3^4;  // 频率减一
  55          sbit k4=P3^5;  // 退出变频率的操作
C51 COMPILER V9.00   MAIN                                                                  07/28/2019 21:41:35 PAGE 2   

  56          //-----------------------------------------------------------------------------
  57          // 主函数
  58          //-----------------------------------------------------------------------------
  59          void main()
  60          {        
  61   1              F =350;   // F为频率值的十倍（MHz）
  62   1              LCD_Init();                     // 液晶初始化
  63   1              ADF4351_Init(F);    // 起始频率设置为35M
  64   1              //显示
  65   1              LCDWrite_word("THE Fout IS :"); 
  66   1              LCD_Play(0x42,F);
  67   1              LCDWrite_com(0x80+0x48);
  68   1              LCDWrite_word("MHz");
  69   1              //显示  
  70   1              while(1) 
  71   1              {
  72   2                      KEY();           // 检测是否有按键按下
  73   2                      if(k)       // 有按键按下，改变频率
  74   2                      {
  75   3                              k = 0;                          
  76   3                              if (F>=690&&F<=1370)     ADF4351_Wdata(0x0050443c);  // if,else if中得语句是判断此时频率得范围            
  77   3                              else if (F>1370&&F<=2740) ADF4351_Wdata(0x0040443c); // 根据频率的范围确定我们要更新此时寄存器4的值
  78   3                              else if (F>2740&&F<=5490) ADF4351_Wdata(0x0030143c);
  79   3                              else if (F>5490&&F<=10990) ADF4351_Wdata(0x0020143c); 
  80   3                              else if (F>10990&&F<=21990) ADF4351_Wdata(0x0010143c); 
  81   3                      else if (F>21990)  ADF4351_Wdata(0x0000143c); 
  82   3                              else ADF4351_Wdata(0x0060a43c); 
  83   3                                                                                                                                      
  84   3                              LCD_Play(0x42,F);                                               // 显示此时的频率
  85   3                              LCDWrite_com(0x80+0x40+j);
  86   3                              ADF4351_Wdata(0x00000000|F<<15);           // 把要输出频率的字写入寄存器0，改变输出频率
  87   3                      
  88   3                      }
  89   2                      
  90   2              }
  91   1              
  92   1      }                                                                                                                                                                
  93          
  94          
  95          //-----------------------------------------------------------------
  96          // 功能程序区
  97          //-----------------------------------------------------------------
  98          
  99          //-----------------------------------------------------------------
 100          // void KEY()
 101          //-----------------------------------------------------------------
 102          //
 103          // 函数功能: 键盘扫描
 104          // 入口参数: 无
 105          // 返回参数: 无
 106          // 全局变量: 无    
 107          // 注意事项: 
 108          //-----------------------------------------------------------------
 109          void KEY()
 110          {
 111   1              if(!k1 || !k2 || !k3 || !k4)     // 有键按下
 112   1              {
 113   2                      Delay_ms(20);
 114   2         // 选择频率变化位            
 115   2                      if(!k1)                        
 116   2                      {
 117   3                              while(!k1);                  // 等待按键释放  
C51 COMPILER V9.00   MAIN                                                                  07/28/2019 21:41:35 PAGE 3   

 118   3                              j--;    //j=8   
 119   3                              if(j==6)   j--;              // 跳过“.”                       
 120   3                              if(j<2) j=7;                 // 从最低位重新开始
 121   3                              LCDWrite_com(0x80+0x40+j);   // 选择写入地址
 122   3                              LCDWrite_com(0x0d);              // 开启光标                                    
 123   3                      }       
 124   2         // 频率对应位的数值加一              
 125   2                      if(!k2)             
 126   2                      {
 127   3                              while(!k2);                      // 等待按键释放 
 128   3                              switch(j)
 129   3                              {
 130   4                                      case 7:                    // 频率值加0.1MHz
 131   4                                              F+=1;
 132   4                                              break;                   
 133   4                                      case 5:                    // 频率值加1MHz
 134   4                                              F+=10;
 135   4                                           break;
 136   4                                      case 4:                    // 频率值加10MHz
 137   4                                              F+=100;
 138   4                                           break;
 139   4                                      case 3:                    // 频率值加100MHz
 140   4                                              F+=1000;
 141   4                                           break;
 142   4                                      case 2:                    // 频率值加1000MHz
 143   4                                              F+=10000;
 144   4                                           break;
 145   4                                      default:break;
 146   4                     }
 147   3                              if(F>=44000)   F=44000;      // ADF4351频率值上限为4.4GHz
 148   3                              k = 1;          
 149   3                      }
 150   2                      // 频率对应位的数值加减一
 151   2                      if(!k3)
 152   2                      {
 153   3                              while(!k3);                      // 等待按键释放
 154   3                              switch(j)
 155   3                              {
 156   4                                      case 7:                    // 频率值减0.1MHz
 157   4                                              F-=1;
 158   4                                              break;
 159   4                                      case 5:                    // 频率值减1MHz
 160   4                                              F-=10;
 161   4                                           break;
 162   4                                      case 4:                    // 频率值减10MHz
 163   4                                              F-=100;
 164   4                                           break;
 165   4                                      case 3:                    // 频率值减100MHz
 166   4                                              fs=F/1000;
 167   4                                        if(fs!=0)                // 频率值大于99MHz，允许频率值减少
 168   4                                              F-=1000;
 169   4                                           break;
 170   4                                      case 2:                    // 频率值减1000MHz
 171   4                                              fs=F/10000;
 172   4                                        if(fs!=0)                                            // 频率值大于999MHz，允许频率值减少
 173   4                                              F-=10000;
 174   4                                           break;
 175   4                                      default:break;
 176   4                     }
 177   3                              k = 1;
 178   3                              if(F <350)                   // ADF4351频率值下限为35MHz
 179   3                                      F = 350;        
C51 COMPILER V9.00   MAIN                                                                  07/28/2019 21:41:35 PAGE 4   

 180   3                      }
 181   2                // 退出变频操作
 182   2                      if(!k4)
 183   2                      {
 184   3                              while(!k4);     
 185   3      //                      k = 1;
 186   3                              LCDWrite_com(0x0c);             // 关闭光标显示
 187   3                     j=8;                     
 188   3      //                      if(F < 350)
 189   3      //                              F = 350;        
 190   3                      }
 191   2              }
 192   1      }
 193          
 194          
 195          //-----------------------------------------------------------------------------
 196          // End Of File
 197          //-----------------------------------------------------------------------------


MODULE INFORMATION:   STATIC OVERLAYABLE
   CODE SIZE        =    735    ----
   CONSTANT SIZE    =     18    ----
   XDATA SIZE       =   ----    ----
   PDATA SIZE       =   ----    ----
   DATA SIZE        =      7    ----
   IDATA SIZE       =   ----    ----
   BIT SIZE         =      1    ----
END OF MODULE INFORMATION.


C51 COMPILATION COMPLETE.  0 WARNING(S),  0 ERROR(S)
