Flow report for TransformFilter
Thu Mar 31 08:34:56 2016
Quartus II Version 10.0 Build 262 08/18/2010 Service Pack 1 SJ Full Version


---------------------
; Table of Contents ;
---------------------
  1. Legal Notice
  2. Flow Summary
  3. Flow Settings
  4. Flow Non-Default Global Settings
  5. Flow Elapsed Time
  6. Flow OS Summary
  7. Flow Log



----------------
; Legal Notice ;
----------------
Copyright (C) 1991-2010 Altera Corporation
Your use of Altera Corporation's design tools, logic functions 
and other software and tools, and its AMPP partner logic 
functions, and any output files from any of the foregoing 
(including device programming or simulation files), and any 
associated documentation or information are expressly subject 
to the terms and conditions of the Altera Program License 
Subscription Agreement, Altera MegaCore Function License 
Agreement, or other applicable license agreement, including, 
without limitation, that your use is for the sole purpose of 
programming logic devices manufactured by Altera and sold by 
Altera or its authorized distributors.  Please refer to the 
applicable agreement for further details.



+-------------------------------------------------------------------------------------+
; Flow Summary                                                                        ;
+------------------------------------+------------------------------------------------+
; Flow Status                        ; Successful - Thu Mar 31 08:34:56 2016          ;
; Quartus II Version                 ; 10.0 Build 262 08/18/2010 SP 1 SJ Full Version ;
; Revision Name                      ; TransformFilter                                ;
; Top-level Entity Name              ; TransformFilter                                ;
; Family                             ; Cyclone IV E                                   ;
; Device                             ; EP4CE15F17C8                                   ;
; Timing Models                      ; Final                                          ;
; Met timing requirements            ; N/A                                            ;
; Total logic elements               ; 4,056 / 15,408 ( 26 % )                        ;
;     Total combinational functions  ; 3,154 / 15,408 ( 20 % )                        ;
;     Dedicated logic registers      ; 3,273 / 15,408 ( 21 % )                        ;
; Total registers                    ; 3273                                           ;
; Total pins                         ; 31 / 166 ( 19 % )                              ;
; Total virtual pins                 ; 0                                              ;
; Total memory bits                  ; 80,648 / 516,096 ( 16 % )                      ;
; Embedded Multiplier 9-bit elements ; 24 / 112 ( 21 % )                              ;
; Total PLLs                         ; 0 / 4 ( 0 % )                                  ;
+------------------------------------+------------------------------------------------+


+-----------------------------------------+
; Flow Settings                           ;
+-------------------+---------------------+
; Option            ; Setting             ;
+-------------------+---------------------+
; Start date & time ; 03/31/2016 08:32:16 ;
; Main task         ; Compilation         ;
; Revision Name     ; TransformFilter     ;
+-------------------+---------------------+


+-----------------------------------------------------------------------------------------------------------------------------------------------------------------------+
; Flow Non-Default Global Settings                                                                                                                                      ;
+--------------------------------------+------------------------------------------------------------------------+---------------+-------------+-------------------------+
; Assignment Name                      ; Value                                                                  ; Default Value ; Entity Name ; Section Id              ;
+--------------------------------------+------------------------------------------------------------------------+---------------+-------------+-------------------------+
; COMPILER_SIGNATURE_ID                ; 128527088745251.145938433609160                                        ; --            ; --          ; --                      ;
; EDA_DESIGN_INSTANCE_NAME             ; NA                                                                     ; --            ; --          ; TransformFilter_vlg_tst ;
; EDA_ENABLE_GLITCH_FILTERING          ; Off                                                                    ; --            ; --          ; eda_simulation          ;
; EDA_MAP_ILLEGAL_CHARACTERS           ; Off                                                                    ; --            ; --          ; eda_simulation          ;
; EDA_NATIVELINK_SIMULATION_TEST_BENCH ; TransformFilter_vlg_tst                                                ; --            ; --          ; eda_simulation          ;
; EDA_OUTPUT_DATA_FORMAT               ; Verilog Hdl                                                            ; --            ; --          ; eda_simulation          ;
; EDA_SIMULATION_TOOL                  ; ModelSim-Altera (Verilog)                                              ; <None>        ; --          ; --                      ;
; EDA_TEST_BENCH_ENABLE_STATUS         ; TEST_BENCH_MODE                                                        ; --            ; --          ; eda_simulation          ;
; EDA_TEST_BENCH_FILE                  ; simulation/modelsim/TransformFilter.vt                                 ; --            ; --          ; TransformFilter_vlg_tst ;
; EDA_TEST_BENCH_MODULE_NAME           ; TransformFilter_vlg_tst                                                ; --            ; --          ; TransformFilter_vlg_tst ;
; EDA_TEST_BENCH_NAME                  ; TransformFilter_vlg_tst                                                ; --            ; --          ; eda_simulation          ;
; EDA_TIME_SCALE                       ; 1 ps                                                                   ; --            ; --          ; eda_simulation          ;
; EDA_WRITE_NODES_FOR_POWER_ESTIMATION ; Off                                                                    ; --            ; --          ; eda_simulation          ;
; IP_TOOL_NAME                         ; Shift register (RAM-based)                                             ; --            ; --          ; --                      ;
; IP_TOOL_NAME                         ; Shift register (RAM-based)                                             ; --            ; --          ; --                      ;
; IP_TOOL_NAME                         ; ROM: 1-PORT                                                            ; --            ; --          ; --                      ;
; IP_TOOL_NAME                         ; LPM_MULT                                                               ; --            ; --          ; --                      ;
; IP_TOOL_NAME                         ; RAM: 2-PORT                                                            ; --            ; --          ; --                      ;
; IP_TOOL_NAME                         ; FFT                                                                    ; --            ; --          ; --                      ;
; IP_TOOL_NAME                         ; Shift register (RAM-based)                                             ; --            ; --          ; --                      ;
; IP_TOOL_NAME                         ; Shift register (RAM-based)                                             ; --            ; --          ; --                      ;
; IP_TOOL_VERSION                      ; 12.1                                                                   ; --            ; --          ; --                      ;
; IP_TOOL_VERSION                      ; 12.1                                                                   ; --            ; --          ; --                      ;
; IP_TOOL_VERSION                      ; 12.1                                                                   ; --            ; --          ; --                      ;
; IP_TOOL_VERSION                      ; 12.1                                                                   ; --            ; --          ; --                      ;
; IP_TOOL_VERSION                      ; 12.1                                                                   ; --            ; --          ; --                      ;
; IP_TOOL_VERSION                      ; 12.1                                                                   ; --            ; --          ; --                      ;
; IP_TOOL_VERSION                      ; 12.1                                                                   ; --            ; --          ; --                      ;
; IP_TOOL_VERSION                      ; 12.1                                                                   ; --            ; --          ; --                      ;
; MAX_CORE_JUNCTION_TEMP               ; 85                                                                     ; --            ; --          ; --                      ;
; MIN_CORE_JUNCTION_TEMP               ; 0                                                                      ; --            ; --          ; --                      ;
; MISC_FILE                            ; shifter12_128_bb.v                                                     ; --            ; --          ; --                      ;
; MISC_FILE                            ; shifter16_2048_bb.v                                                    ; --            ; --          ; --                      ;
; MISC_FILE                            ; rom12_256_bb.v                                                         ; --            ; --          ; --                      ;
; MISC_FILE                            ; mult12_12_bb.v                                                         ; --            ; --          ; --                      ;
; MISC_FILE                            ; dram16_256_bb.v                                                        ; --            ; --          ; --                      ;
; MISC_FILE                            ; fft-library/apn_fftfpbdr_core_fft_121.vhd                              ; --            ; --          ; --                      ;
; MISC_FILE                            ; fft-library/apn_fftfpbdr_firststage_fft_121.vhd                        ; --            ; --          ; --                      ;
; MISC_FILE                            ; fft-library/apn_fftfpbdr_laststage_fft_121.vhd                         ; --            ; --          ; --                      ;
; MISC_FILE                            ; fft-library/apn_fftfpbdr_stage_fft_121.vhd                             ; --            ; --          ; --                      ;
; MISC_FILE                            ; fft-library/apn_fftfpbdr_top_fft_121.vhd                               ; --            ; --          ; --                      ;
; MISC_FILE                            ; fft-library/apn_fftfprvs_core_fft_121.vhd                              ; --            ; --          ; --                      ;
; MISC_FILE                            ; fft-library/apn_fftfprvs_fft4_fft_121.vhd                              ; --            ; --          ; --                      ;
; MISC_FILE                            ; fft-library/apn_fftfprvs_firststage_fft_121.vhd                        ; --            ; --          ; --                      ;
; MISC_FILE                            ; fft-library/apn_fftfprvs_laststage_fft_121.vhd                         ; --            ; --          ; --                      ;
; MISC_FILE                            ; fft-library/apn_fftfprvs_stage_fft_121.vhd                             ; --            ; --          ; --                      ;
; MISC_FILE                            ; fft-library/apn_fftfprvs_top_fft_121.vhd                               ; --            ; --          ; --                      ;
; MISC_FILE                            ; fft-library/apn_fftfprvs_twiddle_opt_fft_121.vhd                       ; --            ; --          ; --                      ;
; MISC_FILE                            ; fft-library/apn_fftfp_add_fft_121.vhd                                  ; --            ; --          ; --                      ;
; MISC_FILE                            ; fft-library/apn_fftfp_cmplxmult_fft_121.vhd                            ; --            ; --          ; --                      ;
; MISC_FILE                            ; fft-library/apn_fftfp_core_fft_121.vhd                                 ; --            ; --          ; --                      ;
; MISC_FILE                            ; fft-library/apn_fftfp_del_fft_121.vhd                                  ; --            ; --          ; --                      ;
; MISC_FILE                            ; fft-library/apn_fftfp_dft4_fft_121.vhd                                 ; --            ; --          ; --                      ;
; MISC_FILE                            ; fft-library/apn_fftfp_fft4_fft_121.vhd                                 ; --            ; --          ; --                      ;
; MISC_FILE                            ; fft-library/apn_fftfp_laststage_fft_121.vhd                            ; --            ; --          ; --                      ;
; MISC_FILE                            ; fft-library/apn_fftfp_lsft32_fft_121.vhd                               ; --            ; --          ; --                      ;
; MISC_FILE                            ; fft-library/apn_fftfp_mul_2727_fft_121.vhd                             ; --            ; --          ; --                      ;
; MISC_FILE                            ; fft-library/apn_fftfp_mul_fft_121.vhd                                  ; --            ; --          ; --                      ;
; MISC_FILE                            ; fft-library/apn_fftfp_ram_fft_121.vhd                                  ; --            ; --          ; --                      ;
; MISC_FILE                            ; fft-library/apn_fftfp_rsft32_fft_121.vhd                               ; --            ; --          ; --                      ;
; MISC_FILE                            ; fft-library/apn_fftfp_rvsctl_fft_121.vhd                               ; --            ; --          ; --                      ;
; MISC_FILE                            ; fft-library/apn_fftfp_rvs_fft_121.vhd                                  ; --            ; --          ; --                      ;
; MISC_FILE                            ; fft-library/apn_fftfp_shift_fft_121.vhd                                ; --            ; --          ; --                      ;
; MISC_FILE                            ; fft-library/apn_fftfp_snorm_fft_121.vhd                                ; --            ; --          ; --                      ;
; MISC_FILE                            ; fft-library/apn_fftfp_snorm_mul_fft_121.vhd                            ; --            ; --          ; --                      ;
; MISC_FILE                            ; fft-library/apn_fftfp_stage_fft_121.vhd                                ; --            ; --          ; --                      ;
; MISC_FILE                            ; fft-library/apn_fftfp_sub_fft_121.vhd                                  ; --            ; --          ; --                      ;
; MISC_FILE                            ; fft-library/apn_fftfp_top_fft_121.vhd                                  ; --            ; --          ; --                      ;
; MISC_FILE                            ; fft-library/apn_fftfp_twiddle_fft_121.vhd                              ; --            ; --          ; --                      ;
; MISC_FILE                            ; fft-library/apn_fftfp_twiddle_opt_fft_121.vhd                          ; --            ; --          ; --                      ;
; MISC_FILE                            ; fft-library/apn_fftfp_unorm_fft_121.vhd                                ; --            ; --          ; --                      ;
; MISC_FILE                            ; fft-library/apn_fft_cmult_cpx2_fft_121.vhd                             ; --            ; --          ; --                      ;
; MISC_FILE                            ; fft-library/apn_fft_cmult_cpx_fft_121.vhd                              ; --            ; --          ; --                      ;
; MISC_FILE                            ; fft-library/apn_fft_mult_can_fft_121.vhd                               ; --            ; --          ; --                      ;
; MISC_FILE                            ; fft-library/apn_fft_mult_cpx_fft_121.vhd                               ; --            ; --          ; --                      ;
; MISC_FILE                            ; fft-library/apn_hcc_cntsgn32_fft_121.vhd                               ; --            ; --          ; --                      ;
; MISC_FILE                            ; fft-library/apn_hcc_cntusgn32_fft_121.vhd                              ; --            ; --          ; --                      ;
; MISC_FILE                            ; fft-library/apn_hcc_sgnpstn_fft_121.vhd                                ; --            ; --          ; --                      ;
; MISC_FILE                            ; fft-library/apn_hcc_usgnpos_fft_121.vhd                                ; --            ; --          ; --                      ;
; MISC_FILE                            ; fft-library/asj_fft_1dp_ram_fft_121.vhd                                ; --            ; --          ; --                      ;
; MISC_FILE                            ; fft-library/asj_fft_1tdp_rom_fft_121.vhd                               ; --            ; --          ; --                      ;
; MISC_FILE                            ; fft-library/asj_fft_3dp_rom_fft_121.vhd                                ; --            ; --          ; --                      ;
; MISC_FILE                            ; fft-library/asj_fft_3pi_mram_fft_121.vhd                               ; --            ; --          ; --                      ;
; MISC_FILE                            ; fft-library/asj_fft_3tdp_rom_fft_121.vhd                               ; --            ; --          ; --                      ;
; MISC_FILE                            ; fft-library/asj_fft_4dp_ram_fft_121.vhd                                ; --            ; --          ; --                      ;
; MISC_FILE                            ; fft-library/asj_fft_6tdp_rom_fft_121.vhd                               ; --            ; --          ; --                      ;
; MISC_FILE                            ; fft-library/asj_fft_alt_shift_tdl_fft_121.vhd                          ; --            ; --          ; --                      ;
; MISC_FILE                            ; fft-library/asj_fft_bfp_ctrl_fft_121.vhd                               ; --            ; --          ; --                      ;
; MISC_FILE                            ; fft-library/asj_fft_bfp_i_1pt_fft_121.vhd                              ; --            ; --          ; --                      ;
; MISC_FILE                            ; fft-library/asj_fft_bfp_i_fft_121.vhd                                  ; --            ; --          ; --                      ;
; MISC_FILE                            ; fft-library/asj_fft_bfp_o_1pt_fft_121.vhd                              ; --            ; --          ; --                      ;
; MISC_FILE                            ; fft-library/asj_fft_bfp_o_fft_121.vhd                                  ; --            ; --          ; --                      ;
; MISC_FILE                            ; fft-library/asj_fft_burst_ctrl_de_fft_121.vhd                          ; --            ; --          ; --                      ;
; MISC_FILE                            ; fft-library/asj_fft_burst_ctrl_fft_121.vhd                             ; --            ; --          ; --                      ;
; MISC_FILE                            ; fft-library/asj_fft_burst_ctrl_qe_fft_121.vhd                          ; --            ; --          ; --                      ;
; MISC_FILE                            ; fft-library/asj_fft_cmult_can_fft_121.vhd                              ; --            ; --          ; --                      ;
; MISC_FILE                            ; fft-library/asj_fft_cmult_std_fft_121.vhd                              ; --            ; --          ; --                      ;
; MISC_FILE                            ; fft-library/asj_fft_cnt_ctrl_de_fft_121.vhd                            ; --            ; --          ; --                      ;
; MISC_FILE                            ; fft-library/asj_fft_cnt_ctrl_fft_121.vhd                               ; --            ; --          ; --                      ;
; MISC_FILE                            ; fft-library/asj_fft_cxb_addr_fft_121.vhd                               ; --            ; --          ; --                      ;
; MISC_FILE                            ; fft-library/asj_fft_cxb_data_fft_121.vhd                               ; --            ; --          ; --                      ;
; MISC_FILE                            ; fft-library/asj_fft_cxb_data_mram_fft_121.vhd                          ; --            ; --          ; --                      ;
; MISC_FILE                            ; fft-library/asj_fft_cxb_data_r_fft_121.vhd                             ; --            ; --          ; --                      ;
; MISC_FILE                            ; fft-library/asj_fft_dataadgen_fft_121.vhd                              ; --            ; --          ; --                      ;
; MISC_FILE                            ; fft-library/asj_fft_data_ram_dp_fft_121.vhd                            ; --            ; --          ; --                      ;
; MISC_FILE                            ; fft-library/asj_fft_data_ram_fft_121.vhd                               ; --            ; --          ; --                      ;
; MISC_FILE                            ; fft-library/asj_fft_dft_bfp_fft_121.vhd                                ; --            ; --          ; --                      ;
; MISC_FILE                            ; fft-library/asj_fft_dft_bfp_sgl_fft_121.vhd                            ; --            ; --          ; --                      ;
; MISC_FILE                            ; fft-library/asj_fft_dpi_mram_fft_121.vhd                               ; --            ; --          ; --                      ;
; MISC_FILE                            ; fft-library/asj_fft_dp_mram_fft_121.vhd                                ; --            ; --          ; --                      ;
; MISC_FILE                            ; fft-library/asj_fft_dualstream_fft_121.vhd                             ; --            ; --          ; --                      ;
; MISC_FILE                            ; fft-library/asj_fft_in_write_sgl_fft_121.vhd                           ; --            ; --          ; --                      ;
; MISC_FILE                            ; fft-library/asj_fft_lcm_mult_2m_fft_121.vhd                            ; --            ; --          ; --                      ;
; MISC_FILE                            ; fft-library/asj_fft_lcm_mult_fft_121.vhd                               ; --            ; --          ; --                      ;
; MISC_FILE                            ; fft-library/asj_fft_lpprdadgen_fft_121.vhd                             ; --            ; --          ; --                      ;
; MISC_FILE                            ; fft-library/asj_fft_lpprdadr2gen_fft_121.vhd                           ; --            ; --          ; --                      ;
; MISC_FILE                            ; fft-library/asj_fft_lpp_fft_121.vhd                                    ; --            ; --          ; --                      ;
; MISC_FILE                            ; fft-library/asj_fft_lpp_serial_fft_121.vhd                             ; --            ; --          ; --                      ;
; MISC_FILE                            ; fft-library/asj_fft_lpp_serial_r2_fft_121.vhd                          ; --            ; --          ; --                      ;
; MISC_FILE                            ; fft-library/asj_fft_mult_add_fft_121.vhd                               ; --            ; --          ; --                      ;
; MISC_FILE                            ; fft-library/asj_fft_m_k_counter_fft_121.vhd                            ; --            ; --          ; --                      ;
; MISC_FILE                            ; fft-library/asj_fft_pround_fft_121.vhd                                 ; --            ; --          ; --                      ;
; MISC_FILE                            ; fft-library/asj_fft_sglstream_fft_121.vhd                              ; --            ; --          ; --                      ;
; MISC_FILE                            ; fft-library/asj_fft_si_de_so_bb_fft_121.vhd                            ; --            ; --          ; --                      ;
; MISC_FILE                            ; fft-library/asj_fft_si_de_so_b_fft_121.vhd                             ; --            ; --          ; --                      ;
; MISC_FILE                            ; fft-library/asj_fft_si_qe_so_bb_fft_121.vhd                            ; --            ; --          ; --                      ;
; MISC_FILE                            ; fft-library/asj_fft_si_qe_so_b_fft_121.vhd                             ; --            ; --          ; --                      ;
; MISC_FILE                            ; fft-library/asj_fft_si_se_so_bb_fft_121.vhd                            ; --            ; --          ; --                      ;
; MISC_FILE                            ; fft-library/asj_fft_si_se_so_b_fft_121.vhd                             ; --            ; --          ; --                      ;
; MISC_FILE                            ; fft-library/asj_fft_si_sose_so_b_fft_121.vhd                           ; --            ; --          ; --                      ;
; MISC_FILE                            ; fft-library/asj_fft_tdl_bit_fft_121.vhd                                ; --            ; --          ; --                      ;
; MISC_FILE                            ; fft-library/asj_fft_tdl_bit_rst_fft_121.vhd                            ; --            ; --          ; --                      ;
; MISC_FILE                            ; fft-library/asj_fft_tdl_fft_121.vhd                                    ; --            ; --          ; --                      ;
; MISC_FILE                            ; fft-library/asj_fft_tdl_rst_fft_121.vhd                                ; --            ; --          ; --                      ;
; MISC_FILE                            ; fft-library/asj_fft_twadgen_dual_fft_121.vhd                           ; --            ; --          ; --                      ;
; MISC_FILE                            ; fft-library/asj_fft_twadgen_fft_121.vhd                                ; --            ; --          ; --                      ;
; MISC_FILE                            ; fft-library/asj_fft_twadsogen_fft_121.vhd                              ; --            ; --          ; --                      ;
; MISC_FILE                            ; fft-library/asj_fft_twadsogen_q_fft_121.vhd                            ; --            ; --          ; --                      ;
; MISC_FILE                            ; fft-library/asj_fft_twiddle_ctrl_qe_fft_121.vhd                        ; --            ; --          ; --                      ;
; MISC_FILE                            ; fft-library/asj_fft_twid_rom_tdp_fft_121.vhd                           ; --            ; --          ; --                      ;
; MISC_FILE                            ; fft-library/asj_fft_unbburst_ctrl_de_fft_121.vhd                       ; --            ; --          ; --                      ;
; MISC_FILE                            ; fft-library/asj_fft_unbburst_ctrl_fft_121.vhd                          ; --            ; --          ; --                      ;
; MISC_FILE                            ; fft-library/asj_fft_unbburst_ctrl_qe_fft_121.vhd                       ; --            ; --          ; --                      ;
; MISC_FILE                            ; fft-library/asj_fft_unbburst_sose_ctrl_fft_121.vhd                     ; --            ; --          ; --                      ;
; MISC_FILE                            ; fft-library/asj_fft_wrengen_fft_121.vhd                                ; --            ; --          ; --                      ;
; MISC_FILE                            ; fft-library/asj_fft_wrswgen_fft_121.vhd                                ; --            ; --          ; --                      ;
; MISC_FILE                            ; fft-library/auk_dspip_avalon_streaming_block_sink_fftfprvs_fft_121.vhd ; --            ; --          ; --                      ;
; MISC_FILE                            ; fft-library/auk_dspip_avalon_streaming_block_sink_fft_121.vhd          ; --            ; --          ; --                      ;
; MISC_FILE                            ; fft-library/auk_dspip_avalon_streaming_block_source_fft_121.vhd        ; --            ; --          ; --                      ;
; MISC_FILE                            ; fft-library/auk_dspip_avalon_streaming_controller_fft_121.vhd          ; --            ; --          ; --                      ;
; MISC_FILE                            ; fft-library/auk_dspip_avalon_streaming_controller_pe_fft_121.vhd       ; --            ; --          ; --                      ;
; MISC_FILE                            ; fft-library/auk_dspip_avalon_streaming_monitor_fft_121.vhd             ; --            ; --          ; --                      ;
; MISC_FILE                            ; fft-library/auk_dspip_avalon_streaming_sink_fft_121.vhd                ; --            ; --          ; --                      ;
; MISC_FILE                            ; fft-library/auk_dspip_avalon_streaming_sink_model_fft_121.vhd          ; --            ; --          ; --                      ;
; MISC_FILE                            ; fft-library/auk_dspip_avalon_streaming_source_fft_121.vhd              ; --            ; --          ; --                      ;
; MISC_FILE                            ; fft-library/auk_dspip_avalon_streaming_source_from_monitor_fft_121.vhd ; --            ; --          ; --                      ;
; MISC_FILE                            ; fft-library/auk_dspip_avalon_streaming_source_model_fft_121.vhd        ; --            ; --          ; --                      ;
; MISC_FILE                            ; fft-library/auk_dspip_bit_reverse_addr_control_fft_121.vhd             ; --            ; --          ; --                      ;
; MISC_FILE                            ; fft-library/auk_dspip_bit_reverse_core_fft_121.vhd                     ; --            ; --          ; --                      ;
; MISC_FILE                            ; fft-library/auk_dspip_bit_reverse_reverse_carry_adder_fft_121.vhd      ; --            ; --          ; --                      ;
; MISC_FILE                            ; fft-library/auk_dspip_fpcompiler_alufp_fft_121.vhd                     ; --            ; --          ; --                      ;
; MISC_FILE                            ; fft-library/auk_dspip_fpcompiler_aslf_fft_121.vhd                      ; --            ; --          ; --                      ;
; MISC_FILE                            ; fft-library/auk_dspip_fpcompiler_asrf_fft_121.vhd                      ; --            ; --          ; --                      ;
; MISC_FILE                            ; fft-library/auk_dspip_fpcompiler_castftox_fft_121.vhd                  ; --            ; --          ; --                      ;
; MISC_FILE                            ; fft-library/auk_dspip_fpcompiler_castxtof_fft_121.vhd                  ; --            ; --          ; --                      ;
; MISC_FILE                            ; fft-library/auk_dspip_fpcompiler_clzf_fft_121.vhd                      ; --            ; --          ; --                      ;
; MISC_FILE                            ; fft-library/auk_dspip_fpcompiler_mulfp_fft_121.vhd                     ; --            ; --          ; --                      ;
; MISC_FILE                            ; fft-library/auk_dspip_lib_pkg_fft_121.vhd                              ; --            ; --          ; --                      ;
; MISC_FILE                            ; fft-library/auk_dspip_math_pkg_fft_121.vhd                             ; --            ; --          ; --                      ;
; MISC_FILE                            ; fft-library/auk_dspip_r22sdf_adder_fp_fft_121.vhd                      ; --            ; --          ; --                      ;
; MISC_FILE                            ; fft-library/auk_dspip_r22sdf_addsub_fft_121.vhd                        ; --            ; --          ; --                      ;
; MISC_FILE                            ; fft-library/auk_dspip_r22sdf_bfii_fft_121.vhd                          ; --            ; --          ; --                      ;
; MISC_FILE                            ; fft-library/auk_dspip_r22sdf_bfi_fft_121.vhd                           ; --            ; --          ; --                      ;
; MISC_FILE                            ; fft-library/auk_dspip_r22sdf_bf_control_fft_121.vhd                    ; --            ; --          ; --                      ;
; MISC_FILE                            ; fft-library/auk_dspip_r22sdf_cma_adder_fp_fft_121.vhd                  ; --            ; --          ; --                      ;
; MISC_FILE                            ; fft-library/auk_dspip_r22sdf_cma_bfi_fp_fft_121.vhd                    ; --            ; --          ; --                      ;
; MISC_FILE                            ; fft-library/auk_dspip_r22sdf_cma_fft_121.vhd                           ; --            ; --          ; --                      ;
; MISC_FILE                            ; fft-library/auk_dspip_r22sdf_core_fft_121.vhd                          ; --            ; --          ; --                      ;
; MISC_FILE                            ; fft-library/auk_dspip_r22sdf_counter_fft_121.vhd                       ; --            ; --          ; --                      ;
; MISC_FILE                            ; fft-library/auk_dspip_r22sdf_delay_fft_121.vhd                         ; --            ; --          ; --                      ;
; MISC_FILE                            ; fft-library/auk_dspip_r22sdf_enable_control_fft_121.vhd                ; --            ; --          ; --                      ;
; MISC_FILE                            ; fft-library/auk_dspip_r22sdf_lib_pkg_fft_121.vhd                       ; --            ; --          ; --                      ;
; MISC_FILE                            ; fft-library/auk_dspip_r22sdf_stage_fft_121.vhd                         ; --            ; --          ; --                      ;
; MISC_FILE                            ; fft-library/auk_dspip_r22sdf_stg_out_pipe_fft_121.vhd                  ; --            ; --          ; --                      ;
; MISC_FILE                            ; fft-library/auk_dspip_r22sdf_stg_pipe_fft_121.vhd                      ; --            ; --          ; --                      ;
; MISC_FILE                            ; fft-library/auk_dspip_r22sdf_top_fft_121.vhd                           ; --            ; --          ; --                      ;
; MISC_FILE                            ; fft-library/auk_dspip_r22sdf_twrom_fft_121.vhd                         ; --            ; --          ; --                      ;
; MISC_FILE                            ; fft-library/auk_dspip_roundsat_fft_121.vhd                             ; --            ; --          ; --                      ;
; MISC_FILE                            ; fft-library/auk_dspip_text_pkg_fft_121.vhd                             ; --            ; --          ; --                      ;
; MISC_FILE                            ; fft-library/fft_pack_fft_121.vhd                                       ; --            ; --          ; --                      ;
; MISC_FILE                            ; fft-library/twid_rom_fft_121.vhd                                       ; --            ; --          ; --                      ;
; MISC_FILE                            ; fft-library/apn_fft_mult_cpx_1825_fft_121.v                            ; --            ; --          ; --                      ;
; MISC_FILE                            ; fft256.vo                                                              ; --            ; --          ; --                      ;
; MISC_FILE                            ; fft256_tb.v                                                            ; --            ; --          ; --                      ;
; MISC_FILE                            ; fft256_model.m                                                         ; --            ; --          ; --                      ;
; MISC_FILE                            ; fft256_tb.m                                                            ; --            ; --          ; --                      ;
; MISC_FILE                            ; fft256_nativelink.tcl                                                  ; --            ; --          ; --                      ;
; MISC_FILE                            ; fft256_real_input.txt                                                  ; --            ; --          ; --                      ;
; MISC_FILE                            ; fft256_imag_input.txt                                                  ; --            ; --          ; --                      ;
; MISC_FILE                            ; fft256_1n256sin.hex                                                    ; --            ; --          ; --                      ;
; MISC_FILE                            ; fft256_2n256sin.hex                                                    ; --            ; --          ; --                      ;
; MISC_FILE                            ; fft256_3n256sin.hex                                                    ; --            ; --          ; --                      ;
; MISC_FILE                            ; fft256_1n256cos.hex                                                    ; --            ; --          ; --                      ;
; MISC_FILE                            ; fft256_2n256cos.hex                                                    ; --            ; --          ; --                      ;
; MISC_FILE                            ; fft256_3n256cos.hex                                                    ; --            ; --          ; --                      ;
; MISC_FILE                            ; fft256.v                                                               ; --            ; --          ; --                      ;
; MISC_FILE                            ; fft256_bb.v                                                            ; --            ; --          ; --                      ;
; MISC_FILE                            ; fft256.bsf                                                             ; --            ; --          ; --                      ;
; MISC_FILE                            ; fft256_syn.v                                                           ; --            ; --          ; --                      ;
; MISC_FILE                            ; fft256.qip                                                             ; --            ; --          ; --                      ;
; MISC_FILE                            ; fft256.html                                                            ; --            ; --          ; --                      ;
; MISC_FILE                            ; shifter16_258_bb.v                                                     ; --            ; --          ; --                      ;
; MISC_FILE                            ; shifter16_256_bb.v                                                     ; --            ; --          ; --                      ;
; NOMINAL_CORE_SUPPLY_VOLTAGE          ; 1.2V                                                                   ; --            ; --          ; --                      ;
; PARTITION_COLOR                      ; 16764057                                                               ; --            ; --          ; Top                     ;
; PARTITION_FITTER_PRESERVATION_LEVEL  ; PLACEMENT_AND_ROUTING                                                  ; --            ; --          ; Top                     ;
; PARTITION_NETLIST_TYPE               ; SOURCE                                                                 ; --            ; --          ; Top                     ;
; POWER_BOARD_THERMAL_MODEL            ; None (CONSERVATIVE)                                                    ; --            ; --          ; --                      ;
; POWER_PRESET_COOLING_SOLUTION        ; 23 MM HEAT SINK WITH 200 LFPM AIRFLOW                                  ; --            ; --          ; --                      ;
; PROJECT_OUTPUT_DIRECTORY             ; output_files                                                           ; --            ; --          ; --                      ;
; SEARCH_PATH                          ; .                                                                      ; --            ; --          ; --                      ;
; SEARCH_PATH                          ; fft-library                                                            ; --            ; --          ; --                      ;
+--------------------------------------+------------------------------------------------------------------------+---------------+-------------+-------------------------+


+-------------------------------------------------------------------------------------------------------------------------------+
; Flow Elapsed Time                                                                                                             ;
+---------------------------+--------------+-------------------------+---------------------+------------------------------------+
; Module Name               ; Elapsed Time ; Average Processors Used ; Peak Virtual Memory ; Total CPU Time (on all processors) ;
+---------------------------+--------------+-------------------------+---------------------+------------------------------------+
; Analysis & Synthesis      ; 00:01:09     ; 1.0                     ; 343 MB              ; 00:00:38                           ;
; Fitter                    ; 00:00:44     ; 1.1                     ; 425 MB              ; 00:00:39                           ;
; Assembler                 ; 00:00:03     ; 1.0                     ; 265 MB              ; 00:00:03                           ;
; TimeQuest Timing Analyzer ; 00:00:20     ; 1.4                     ; 314 MB              ; 00:00:14                           ;
; EDA Netlist Writer        ; 00:00:10     ; 1.0                     ; 258 MB              ; 00:00:09                           ;
; Total                     ; 00:02:26     ; --                      ; --                  ; 00:01:43                           ;
+---------------------------+--------------+-------------------------+---------------------+------------------------------------+


+----------------------------------------------------------------------------------------+
; Flow OS Summary                                                                        ;
+---------------------------+------------------+-----------+------------+----------------+
; Module Name               ; Machine Hostname ; OS Name   ; OS Version ; Processor type ;
+---------------------------+------------------+-----------+------------+----------------+
; Analysis & Synthesis      ; TYL-PC           ; Windows 7 ; 6.1        ; x86_64         ;
; Fitter                    ; TYL-PC           ; Windows 7 ; 6.1        ; x86_64         ;
; Assembler                 ; TYL-PC           ; Windows 7 ; 6.1        ; x86_64         ;
; TimeQuest Timing Analyzer ; TYL-PC           ; Windows 7 ; 6.1        ; x86_64         ;
; EDA Netlist Writer        ; TYL-PC           ; Windows 7 ; 6.1        ; x86_64         ;
+---------------------------+------------------+-----------+------------+----------------+


------------
; Flow Log ;
------------
quartus_map --read_settings_files=on --write_settings_files=off TransformFilter -c TransformFilter
quartus_fit --read_settings_files=off --write_settings_files=off TransformFilter -c TransformFilter
quartus_asm --read_settings_files=off --write_settings_files=off TransformFilter -c TransformFilter
quartus_sta TransformFilter -c TransformFilter
quartus_eda --read_settings_files=off --write_settings_files=off TransformFilter -c TransformFilter



