<html>
<body>
<pre>
<h1>µVision Build Log</h1>
<h2>Tool Versions:</h2>
IDE-Version: ¦ÌVision V5.14.0.0
Copyright (C) 2015 ARM Ltd and ARM Germany GmbH. All rights reserved.
License Information: 1 76371, 1, LIC=V85DY-I3RA9-8XKUZ-JG65Z-KLD20-U1CN3
 
Tool Versions:
Toolchain:       MDK-ARM Professional  Version: 5.14.0.0
Toolchain Path:  G:\Keil532\ARM\ARMCC\Bin
C Compiler:      Armcc.exe V5.05 update 1 (build 106)
Assembler:       Armasm.exe V5.05 update 1 (build 106)
Linker/Locator:  ArmLink.exe V5.05 update 1 (build 106)
Library Manager: ArmAr.exe V5.05 update 1 (build 106)
Hex Converter:   FromElf.exe V5.05 update 1 (build 106)
CPU DLL:         SARMCM3.DLL V5.14.0.0
Dialog DLL:      DCM.DLL V1.13.1.0
Target DLL:      STLink\ST-LINKIII-KEIL_SWO.dll V2.0.14.0_KEIL
Dialog DLL:      TCM.DLL V1.14.4.0
 
<h2>Project:</h2>
C:\Users\76371\Desktop\ADF4351(STM322)\Project\LZE_STM32_Template.uvproj
Project File Date:  06/19/2019

<h2>Output:</h2>
Build target 'LZE_STM32_Template'
compiling main.c...
linking...
Program Size: Code=6584 RO-data=336 RW-data=196 ZI-data=1636  
".\Obj\LZE_STM32_Template.axf" - 0 Error(s), 0 Warning(s).
</pre>
</body>
</html>
